Build started 7/28/2026 7:43:28 PM.
Logging verbosity is set to: Normal.     1>Project "C:\Users\Andre\source\repos\Sand\Sand\Sand.vcxproj" on node 2 (Rebuild target(s)).
     1>PreBuildEvent:
         "%VULKAN_SDK%\Bin\glslc.exe" "C:\Users\Andre\source\repos\Sand\Sand\shaders\falling_sand.comp" -o "C:\Users\Andre\source\repos\Sand\Sand\shaders\falling_sand.spv"
         "%VULKAN_SDK%\Bin\glslc.exe" "C:\Users\Andre\source\repos\Sand\Sand\shaders\screen.vert" -o "C:\Users\Andre\source\repos\Sand\Sand\shaders\screen.vert.spv"
         "%VULKAN_SDK%\Bin\glslc.exe" "C:\Users\Andre\source\repos\Sand\Sand\shaders\raymarch.frag" -o "C:\Users\Andre\source\repos\Sand\Sand\shaders\raymarch.frag.spv"
         :VCEnd
       ClCompile:
         C:\Program Files\Microsoft Visual Studio\18\Community\VC\Tools\MSVC\14.51.36231\bin\HostX64\x64\CL.exe /c /IC:\Users\Andre\source\repos\Sand\Sand\include /IC:\Users\Andre\source\repos\Sand\Sand\vendor\glfw\include /IC:\Users\Andre\source\repos\Sand\Sand\vendor\glm /IC:\VulkanSDK\1.4.350.0\Include /IC:\Users\Andre\source\repos\Sand\Sand\vendor\imgui /IC:\Users\Andre\source\repos\Sand\Sand\vendor\imgui\backends /ZI /JMC /nologo /W3 /WX- /diagnostics:column /sdl /Od /D _DEBUG /D _CONSOLE /D _UNICODE /D UNICODE /Gm- /EHsc /RTC1 /MDd /GS /fp:precise /Zc:wchar_t /Zc:forScope /Zc:inline /std:c++20 /permissive- /Fo"x64\Debug\\" /Fd"x64\Debug\vc145.pdb" /external:W3 /Gd /TP /FC /errorReport:prompt src\Config.cpp src\main.cpp src\VulkanContext.cpp src\VulkanBuffer.cpp src\VulkanPipeline.cpp src\VulkanSwapchain.cpp src\VulkanRenderer.cpp src\Window.cpp vendor\imgui\backends\imgui_impl_glfw.cpp vendor\imgui\backends\imgui_impl_vulkan.cpp vendor\imgui\imgui.cpp vendor\imgui\imgui_draw.cpp vendor\imgui\imgui_tables.cpp vendor\imgui\imgui_widgets.cpp include\Config.hpp
         Config.cpp
         main.cpp
         VulkanContext.cpp
         VulkanBuffer.cpp
         VulkanPipeline.cpp
         VulkanSwapchain.cpp
         VulkanRenderer.cpp
         Window.cpp
         imgui_impl_glfw.cpp
         imgui_impl_vulkan.cpp
         imgui.cpp
         imgui_draw.cpp
         imgui_tables.cpp
         imgui_widgets.cpp
         Config.hpp
         Generating Code...
       Link:
         C:\Program Files\Microsoft Visual Studio\18\Community\VC\Tools\MSVC\14.51.36231\bin\HostX64\x64\link.exe /ERRORREPORT:PROMPT /OUT:"C:\Users\Andre\source\repos\Sand\x64\Debug\Sand.exe" /INCREMENTAL /ILK:"x64\Debug\Sand.ilk" /NOLOGO /LIBPATH:"C:\Users\Andre\source\repos\Sand\Sand\vendor\glfw\lib-vc2022" /LIBPATH:C:\VulkanSDK\1.4.350.0\Lib kernel32.lib user32.lib gdi32.lib winspool.lib comdlg32.lib advapi32.lib shell32.lib ole32.lib oleaut32.lib uuid.lib odbc32.lib odbccp32.lib kernel32.lib user32.lib gdi32.lib winspool.lib comdlg32.lib advapi32.lib shell32.lib ole32.lib oleaut32.lib uuid.lib odbc32.lib odbccp32.lib "vulkan-1.lib" glfw3.lib /MANIFEST /MANIFESTUAC:"level='asInvoker' uiAccess='false'" /manifest:embed /manifestinput:"C:\Program Files\Microsoft Visual Studio\18\Community\VC\Tools\MSVC\14.51.36231\Include\Manifest\segmentheap.manifest" /DEBUG /PDB:"C:\Users\Andre\source\repos\Sand\x64\Debug\Sand.pdb" /SUBSYSTEM:CONSOLE /TLBID:1 /DYNAMICBASE /NXCOMPAT /IMPLIB:"C:\Users\Andre\source\repos\Sand\x64\Debug\Sand.lib" /MACHINE:X64 x64\Debug\Config.obj
         x64\Debug\main.obj
         x64\Debug\VulkanContext.obj
         x64\Debug\VulkanBuffer.obj
         x64\Debug\VulkanPipeline.obj
         x64\Debug\VulkanSwapchain.obj
         x64\Debug\VulkanRenderer.obj
         x64\Debug\Window.obj
         x64\Debug\imgui_impl_glfw.obj
         x64\Debug\imgui_impl_vulkan.obj
         x64\Debug\imgui.obj
         x64\Debug\imgui_draw.obj
         x64\Debug\imgui_tables.obj
         x64\Debug\imgui_widgets.obj
         x64\Debug\Config.obj
     1>x64\Debug\Config.obj : warning LNK4042: object specified more than once; extras ignored
     1>LINK : warning LNK4098: defaultlib 'MSVCRT' conflicts with use of other libs; use /NODEFAULTLIB:library
         Sand.vcxproj -> C:\Users\Andre\source\repos\Sand\x64\Debug\Sand.exe
     1>Done Building Project "C:\Users\Andre\source\repos\Sand\Sand\Sand.vcxproj" (Rebuild target(s)).

Build succeeded.

       "C:\Users\Andre\source\repos\Sand\Sand\Sand.vcxproj" (Rebuild target) (1) ->
       (Link target) -> 
         x64\Debug\Config.obj : warning LNK4042: object specified more than once; extras ignored
         LINK : warning LNK4098: defaultlib 'MSVCRT' conflicts with use of other libs; use /NODEFAULTLIB:library

    2 Warning(s)
    0 Error(s)

Time Elapsed 00:00:11.66
