c:\users\andre\source\repos\sand\sand\x64\debug\vc145.pdb
c:\users\andre\source\repos\sand\sand\x64\debug\vc145.idb
c:\users\andre\source\repos\sand\sand\x64\debug\config.obj
c:\users\andre\source\repos\sand\sand\x64\debug\imgui_widgets.obj
c:\users\andre\source\repos\sand\sand\x64\debug\imgui_tables.obj
c:\users\andre\source\repos\sand\sand\x64\debug\imgui_draw.obj
c:\users\andre\source\repos\sand\sand\x64\debug\imgui.obj
c:\users\andre\source\repos\sand\sand\x64\debug\imgui_impl_vulkan.obj
c:\users\andre\source\repos\sand\sand\x64\debug\imgui_impl_glfw.obj
c:\users\andre\source\repos\sand\sand\x64\debug\window.obj
c:\users\andre\source\repos\sand\sand\x64\debug\vulkanrenderer.obj
c:\users\andre\source\repos\sand\sand\x64\debug\vulkanswapchain.obj
c:\users\andre\source\repos\sand\sand\x64\debug\vulkanpipeline.obj
c:\users\andre\source\repos\sand\sand\x64\debug\vulkanbuffer.obj
c:\users\andre\source\repos\sand\sand\x64\debug\vulkancontext.obj
c:\users\andre\source\repos\sand\sand\x64\debug\main.obj
c:\users\andre\source\repos\sand\x64\debug\sand.exe
c:\users\andre\source\repos\sand\x64\debug\sand.pdb
c:\users\andre\source\repos\sand\sand\x64\debug\sand.ilk
c:\users\andre\source\repos\sand\sand\x64\debug\sand.tlog\cl.command.1.tlog
c:\users\andre\source\repos\sand\sand\x64\debug\sand.tlog\cl.items.tlog
c:\users\andre\source\repos\sand\sand\x64\debug\sand.tlog\cl.read.1.tlog
c:\users\andre\source\repos\sand\sand\x64\debug\sand.tlog\cl.write.1.tlog
c:\users\andre\source\repos\sand\sand\x64\debug\sand.tlog\link.command.1.tlog
c:\users\andre\source\repos\sand\sand\x64\debug\sand.tlog\link.read.1.tlog
c:\users\andre\source\repos\sand\sand\x64\debug\sand.tlog\link.secondary.1.tlog
c:\users\andre\source\repos\sand\sand\x64\debug\sand.tlog\link.write.1.tlog
